GAMS 24.7.3  r58181 Released Jul 11, 2016 WEX-WEI x86 64bit/MS Windows                                                                                                                                                                 01/13/21 14:45:13 Page 1
merge GDX files
C o m p i l a t i o n


   2   
   4   
   5  * ------ Read results from GDX-files
   6   
GDXIN   C:\GAMS\NEWAGE_dissertation\NEWAGE_diss\results\diss\210112\diss_ref.gdx
GDXIN   C:\GAMS\NEWAGE_dissertation\NEWAGE_diss\results\diss\210112\diss_BAU.gdx
GDXIN   C:\GAMS\NEWAGE_dissertation\NEWAGE_diss\results\diss\210112\diss_CAP.gdx
GDXIN   C:\GAMS\NEWAGE_dissertation\NEWAGE_diss\results\diss\210112\diss_VAT.gdx
GDXIN   C:\GAMS\NEWAGE_dissertation\NEWAGE_diss\results\diss\210112\diss_LAB.gdx
GDXIN   C:\GAMS\NEWAGE_dissertation\NEWAGE_diss\results\diss\210112\diss_inv_pay.gdx
  13   
  14  * ------ Create merged.gdx
  15  Execute 'gdxmerge ..\results\diss\210112\diss_ref.gdx ..\results\diss\210112\diss_BAU.gdx ..\results\diss\210112\diss_CAP.gdx ..\results\diss\210112\diss_VAT.gdx ..\results\diss\210112\diss_LAB.gdx ..\results\diss\210112\diss_inv_pay.gdx output=..\r
      esults\diss\210112\merged.gdx';
  16   
  17  * ------ Create report_pivot_merged.xlsx for NEWAGE-Version WITH bottom-up household energy demand
  18  *Execute 'gdxxrw.exe i=merged.gdx  o=%resultsdir%report_pivot_merged.xlsx  epsout=0  @dumppar1.txt'
  19   
  20  * ------ Create report_pivot_merged.xlsx for NEWAGE-Version WITHOUT bottom-up household energy demand
  21  *Execute 'gdxxrw.exe i=merged.gdx  o=%resultsdir%report_pivot_merged.xlsx  epsout=0  @dumppar_HH.txt'
  22   
  23   
  24  * ------ Create report_pivot_merged.xlsx for NEWAGE-Version WITHOUT bottom-up household energy demand
  25  *Execute 'gdxxrw.exe i=merged.gdx  o=%resultsdir%report_pivot_merged.xlsx  epsout=0  @dumppar_extra.txt'
GAMS 24.7.3  r58181 Released Jul 11, 2016 WEX-WEI x86 64bit/MS Windows                                                                                                                                                                 01/13/21 14:45:13 Page 2
merge GDX files
Include File Summary


   SEQ   GLOBAL TYPE      PARENT   LOCAL  FILENAME

     1        1 INPUT          0       0  C:\GAMS\NEWAGE_dissertation\NEWAGE_diss\NEWAGE\GDXmerge_v57.gms
     2        7 GDXIN          1       7  C:\GAMS\NEWAGE_dissertation\NEWAGE_diss\results\diss\210112\diss_ref.gdx
     3        8 GDXIN          1       8  C:\GAMS\NEWAGE_dissertation\NEWAGE_diss\results\diss\210112\diss_BAU.gdx
     4        9 GDXIN          1       9  C:\GAMS\NEWAGE_dissertation\NEWAGE_diss\results\diss\210112\diss_CAP.gdx
     5       10 GDXIN          1      10  C:\GAMS\NEWAGE_dissertation\NEWAGE_diss\results\diss\210112\diss_VAT.gdx
     6       11 GDXIN          1      11  C:\GAMS\NEWAGE_dissertation\NEWAGE_diss\results\diss\210112\diss_LAB.gdx
     7       12 GDXIN          1      12  C:\GAMS\NEWAGE_dissertation\NEWAGE_diss\results\diss\210112\diss_inv_pay.gdx


COMPILATION TIME     =        0.000 SECONDS      2 MB  24.7.3 r58181 WEX-WEI
GAMS 24.7.3  r58181 Released Jul 11, 2016 WEX-WEI x86 64bit/MS Windows                                                                                                                                                                 01/13/21 14:45:13 Page 3
merge GDX files
E x e c u t i o n


EXECUTION TIME       =        3.027 SECONDS      3 MB  24.7.3 r58181 WEX-WEI


USER: IER                                            S151125:0513AO-WIN
      Universitaet Stuttgart                                      DC848
      License for teaching and research at degree granting institutions


**** FILE SUMMARY

Input      C:\GAMS\NEWAGE_dissertation\NEWAGE_diss\NEWAGE\GDXmerge_v57.gms
Output     C:\GAMS\NEWAGE_dissertation\NEWAGE_diss\NEWAGE\GDXmerge_v57.lst
